// Jest Snapshot v1, https://goo.gl/fbAQLP

exports[`Menu Item renders menu item 1`] = `
Array [
  <View
    accessibilityRole="menuitem"
    accessibilityState={
      Object {
        "disabled": false,
      }
    }
    accessible={true}
    collapsable={false}
    focusable={true}
    onBlur={[Function]}
    onClick={[Function]}
    onFocus={[Function]}
    onResponderGrant={[Function]}
    onResponderMove={[Function]}
    onResponderRelease={[Function]}
    onResponderTerminate={[Function]}
    onResponderTerminationRequest={[Function]}
    onStartShouldSetResponder={[Function]}
    style={
      Array [
        false,
        Array [
          Object {
            "height": 48,
            "justifyContent": "center",
            "maxWidth": 280,
            "minWidth": 112,
          },
          Object {
            "paddingHorizontal": 12,
          },
          undefined,
          undefined,
        ],
      ]
    }
    testID="menu-item"
  >
    <View
      style={
        Object {
          "flexDirection": "row",
        }
      }
    >
      <View
        pointerEvents="box-none"
        style={
          Array [
            false,
            Object {
              "width": 24,
            },
          ]
        }
      >
        <Text
          accessibilityElementsHidden={true}
          allowFontScaling={false}
          importantForAccessibility="no-hide-descendants"
          pointerEvents="none"
          selectable={false}
          style={
            Array [
              Object {
                "color": "rgba(73, 69, 79, 1)",
                "fontSize": 24,
              },
              Array [
                Object {
                  "lineHeight": 24,
                  "transform": Array [
                    Object {
                      "scaleX": 1,
                    },
                  ],
                },
                Object {
                  "backgroundColor": "transparent",
                },
              ],
              Object {
                "fontFamily": "Material Design Icons",
                "fontStyle": "normal",
                "fontWeight": "normal",
              },
              Object {},
            ]
          }
        >
          󰑎
        </Text>
      </View>
      <View
        pointerEvents="none"
        style={
          Array [
            false,
            Object {
              "justifyContent": "center",
            },
            Object {
              "maxWidth": 232,
              "minWidth": 100,
            },
            Object {
              "marginLeft": 12,
            },
            undefined,
          ]
        }
      >
        <Text
          maxFontSizeMultiplier={1.5}
          numberOfLines={1}
          selectable={false}
          style={
            Array [
              Object {
                "textAlign": "left",
              },
              Object {
                "color": "rgba(28, 27, 31, 1)",
                "writingDirection": "ltr",
              },
              Array [
                Object {
                  "fontFamily": "System",
                  "fontSize": 16,
                  "fontWeight": "400",
                  "letterSpacing": 0.15,
                  "lineHeight": 24,
                },
                Array [
                  false,
                  Object {
                    "color": "rgba(28, 27, 31, 1)",
                    "fontFamily": "System",
                    "fontSize": 16,
                    "fontWeight": "400",
                    "letterSpacing": 0.15,
                    "lineHeight": 24,
                  },
                  undefined,
                ],
              ],
            ]
          }
          testID="menu-item-title"
        >
          Redo
        </Text>
      </View>
    </View>
  </View>,
  <View
    accessibilityRole="menuitem"
    accessibilityState={
      Object {
        "disabled": false,
      }
    }
    accessible={true}
    collapsable={false}
    focusable={true}
    onBlur={[Function]}
    onClick={[Function]}
    onFocus={[Function]}
    onResponderGrant={[Function]}
    onResponderMove={[Function]}
    onResponderRelease={[Function]}
    onResponderTerminate={[Function]}
    onResponderTerminationRequest={[Function]}
    onStartShouldSetResponder={[Function]}
    style={
      Array [
        false,
        Array [
          Object {
            "height": 48,
            "justifyContent": "center",
            "maxWidth": 280,
            "minWidth": 112,
          },
          Object {
            "paddingHorizontal": 12,
          },
          undefined,
          undefined,
        ],
      ]
    }
    testID="menu-item"
  >
    <View
      style={
        Object {
          "flexDirection": "row",
        }
      }
    >
      <View
        pointerEvents="box-none"
        style={
          Array [
            false,
            Object {
              "width": 24,
            },
          ]
        }
      >
        <Text
          accessibilityElementsHidden={true}
          allowFontScaling={false}
          importantForAccessibility="no-hide-descendants"
          pointerEvents="none"
          selectable={false}
          style={
            Array [
              Object {
                "color": "rgba(73, 69, 79, 1)",
                "fontSize": 24,
              },
              Array [
                Object {
                  "lineHeight": 24,
                  "transform": Array [
                    Object {
                      "scaleX": 1,
                    },
                  ],
                },
                Object {
                  "backgroundColor": "transparent",
                },
              ],
              Object {
                "fontFamily": "Material Design Icons",
                "fontStyle": "normal",
                "fontWeight": "normal",
              },
              Object {},
            ]
          }
        >
          󰕌
        </Text>
      </View>
      <View
        pointerEvents="none"
        style={
          Array [
            false,
            Object {
              "justifyContent": "center",
            },
            Object {
              "maxWidth": 232,
              "minWidth": 100,
            },
            Object {
              "marginLeft": 12,
            },
            undefined,
          ]
        }
      >
        <Text
          maxFontSizeMultiplier={1.5}
          numberOfLines={1}
          selectable={false}
          style={
            Array [
              Object {
                "textAlign": "left",
              },
              Object {
                "color": "rgba(28, 27, 31, 1)",
                "writingDirection": "ltr",
              },
              Array [
                Object {
                  "fontFamily": "System",
                  "fontSize": 16,
                  "fontWeight": "400",
                  "letterSpacing": 0.15,
                  "lineHeight": 24,
                },
                Array [
                  false,
                  Object {
                    "color": "rgba(28, 27, 31, 1)",
                    "fontFamily": "System",
                    "fontSize": 16,
                    "fontWeight": "400",
                    "letterSpacing": 0.15,
                    "lineHeight": 24,
                  },
                  undefined,
                ],
              ],
            ]
          }
          testID="menu-item-title"
        >
          Undo
        </Text>
      </View>
    </View>
  </View>,
  <View
    accessibilityRole="menuitem"
    accessibilityState={
      Object {
        "disabled": true,
      }
    }
    accessible={true}
    collapsable={false}
    focusable={true}
    onBlur={[Function]}
    onClick={[Function]}
    onFocus={[Function]}
    onResponderGrant={[Function]}
    onResponderMove={[Function]}
    onResponderRelease={[Function]}
    onResponderTerminate={[Function]}
    onResponderTerminationRequest={[Function]}
    onStartShouldSetResponder={[Function]}
    style={
      Array [
        false,
        Array [
          Object {
            "height": 48,
            "justifyContent": "center",
            "maxWidth": 280,
            "minWidth": 112,
          },
          Object {
            "paddingHorizontal": 12,
          },
          undefined,
          undefined,
        ],
      ]
    }
    testID="menu-item"
  >
    <View
      style={
        Object {
          "flexDirection": "row",
        }
      }
    >
      <View
        pointerEvents="box-none"
        style={
          Array [
            false,
            Object {
              "width": 24,
            },
          ]
        }
      >
        <Text
          accessibilityElementsHidden={true}
          allowFontScaling={false}
          importantForAccessibility="no-hide-descendants"
          pointerEvents="none"
          selectable={false}
          style={
            Array [
              Object {
                "color": "rgba(28, 27, 31, 0.38)",
                "fontSize": 24,
              },
              Array [
                Object {
                  "lineHeight": 24,
                  "transform": Array [
                    Object {
                      "scaleX": 1,
                    },
                  ],
                },
                Object {
                  "backgroundColor": "transparent",
                },
              ],
              Object {
                "fontFamily": "Material Design Icons",
                "fontStyle": "normal",
                "fontWeight": "normal",
              },
              Object {},
            ]
          }
        >
          󰆐
        </Text>
      </View>
      <View
        pointerEvents="none"
        style={
          Array [
            false,
            Object {
              "justifyContent": "center",
            },
            Object {
              "maxWidth": 232,
              "minWidth": 100,
            },
            Object {
              "marginLeft": 12,
            },
            undefined,
          ]
        }
      >
        <Text
          maxFontSizeMultiplier={1.5}
          numberOfLines={1}
          selectable={false}
          style={
            Array [
              Object {
                "textAlign": "left",
              },
              Object {
                "color": "rgba(28, 27, 31, 1)",
                "writingDirection": "ltr",
              },
              Array [
                Object {
                  "fontFamily": "System",
                  "fontSize": 16,
                  "fontWeight": "400",
                  "letterSpacing": 0.15,
                  "lineHeight": 24,
                },
                Array [
                  false,
                  Object {
                    "color": "rgba(28, 27, 31, 0.38)",
                    "fontFamily": "System",
                    "fontSize": 16,
                    "fontWeight": "400",
                    "letterSpacing": 0.15,
                    "lineHeight": 24,
                  },
                  undefined,
                ],
              ],
            ]
          }
          testID="menu-item-title"
        >
          Cut
        </Text>
      </View>
    </View>
  </View>,
  <View
    accessibilityRole="menuitem"
    accessibilityState={
      Object {
        "disabled": true,
      }
    }
    accessible={true}
    collapsable={false}
    focusable={true}
    onBlur={[Function]}
    onClick={[Function]}
    onFocus={[Function]}
    onResponderGrant={[Function]}
    onResponderMove={[Function]}
    onResponderRelease={[Function]}
    onResponderTerminate={[Function]}
    onResponderTerminationRequest={[Function]}
    onStartShouldSetResponder={[Function]}
    style={
      Array [
        false,
        Array [
          Object {
            "height": 48,
            "justifyContent": "center",
            "maxWidth": 280,
            "minWidth": 112,
          },
          Object {
            "paddingHorizontal": 12,
          },
          undefined,
          undefined,
        ],
      ]
    }
    testID="menu-item"
  >
    <View
      style={
        Object {
          "flexDirection": "row",
        }
      }
    >
      <View
        pointerEvents="box-none"
        style={
          Array [
            false,
            Object {
              "width": 24,
            },
          ]
        }
      >
        <Text
          accessibilityElementsHidden={true}
          allowFontScaling={false}
          importantForAccessibility="no-hide-descendants"
          pointerEvents="none"
          selectable={false}
          style={
            Array [
              Object {
                "color": "rgba(28, 27, 31, 0.38)",
                "fontSize": 24,
              },
              Array [
                Object {
                  "lineHeight": 24,
                  "transform": Array [
                    Object {
                      "scaleX": 1,
                    },
                  ],
                },
                Object {
                  "backgroundColor": "transparent",
                },
              ],
              Object {
                "fontFamily": "Material Design Icons",
                "fontStyle": "normal",
                "fontWeight": "normal",
              },
              Object {},
            ]
          }
        >
          󰆏
        </Text>
      </View>
      <View
        pointerEvents="none"
        style={
          Array [
            false,
            Object {
              "justifyContent": "center",
            },
            Object {
              "maxWidth": 232,
              "minWidth": 100,
            },
            Object {
              "marginLeft": 12,
            },
            undefined,
          ]
        }
      >
        <Text
          maxFontSizeMultiplier={1.5}
          numberOfLines={1}
          selectable={false}
          style={
            Array [
              Object {
                "textAlign": "left",
              },
              Object {
                "color": "rgba(28, 27, 31, 1)",
                "writingDirection": "ltr",
              },
              Array [
                Object {
                  "fontFamily": "System",
                  "fontSize": 16,
                  "fontWeight": "400",
                  "letterSpacing": 0.15,
                  "lineHeight": 24,
                },
                Array [
                  false,
                  Object {
                    "color": "rgba(28, 27, 31, 0.38)",
                    "fontFamily": "System",
                    "fontSize": 16,
                    "fontWeight": "400",
                    "letterSpacing": 0.15,
                    "lineHeight": 24,
                  },
                  undefined,
                ],
              ],
            ]
          }
          testID="menu-item-title"
        >
          Copy
        </Text>
      </View>
    </View>
  </View>,
  <View
    accessibilityRole="menuitem"
    accessibilityState={
      Object {
        "disabled": false,
      }
    }
    accessible={true}
    collapsable={false}
    focusable={true}
    onBlur={[Function]}
    onClick={[Function]}
    onFocus={[Function]}
    onResponderGrant={[Function]}
    onResponderMove={[Function]}
    onResponderRelease={[Function]}
    onResponderTerminate={[Function]}
    onResponderTerminationRequest={[Function]}
    onStartShouldSetResponder={[Function]}
    style={
      Array [
        false,
        Array [
          Object {
            "height": 48,
            "justifyContent": "center",
            "maxWidth": 280,
            "minWidth": 112,
          },
          Object {
            "paddingHorizontal": 12,
          },
          undefined,
          undefined,
        ],
      ]
    }
    testID="menu-item"
  >
    <View
      style={
        Object {
          "flexDirection": "row",
        }
      }
    >
      <View
        pointerEvents="none"
        style={
          Array [
            false,
            Object {
              "justifyContent": "center",
            },
            Object {
              "maxWidth": 268,
              "minWidth": 100,
            },
            Object {
              "marginLeft": 4,
            },
            undefined,
          ]
        }
      >
        <Text
          maxFontSizeMultiplier={1.5}
          numberOfLines={1}
          selectable={false}
          style={
            Array [
              Object {
                "textAlign": "left",
              },
              Object {
                "color": "rgba(28, 27, 31, 1)",
                "writingDirection": "ltr",
              },
              Array [
                Object {
                  "fontFamily": "System",
                  "fontSize": 16,
                  "fontWeight": "400",
                  "letterSpacing": 0.15,
                  "lineHeight": 24,
                },
                Array [
                  false,
                  Object {
                    "color": "rgba(28, 27, 31, 1)",
                    "fontFamily": "System",
                    "fontSize": 16,
                    "fontWeight": "400",
                    "letterSpacing": 0.15,
                    "lineHeight": 24,
                  },
                  undefined,
                ],
              ],
            ]
          }
          testID="menu-item-title"
        >
          Paste
        </Text>
      </View>
    </View>
  </View>,
]
`;
